com\citi\ocean\restapi\handler\QueryTradesHandler$4.class
com\citi\ocean\restapi\validator\Validator.class
com\citi\ocean\restapi\datasource\base\KDBQuery.class
com\citi\ocean\restapi\service\VertxRunner.class
com\citi\ocean\restapi\handler\QueryHintHandler.class
com\citi\ocean\restapi\tuple\AggQueryTradesParam.class
com\citi\ocean\restapi\tuple\ShardEndpointDetails.class
com\citi\ocean\restapi\datasource\SolrEndpoint.class
com\citi\ocean\restapi\validator\Validator$7.class
com\citi\ocean\restapi\datasource\base\Query.class
com\citi\ocean\restapi\datasource\base\ShardEndpoint.class
com\citi\ocean\restapi\handler\QueryTradesHandler.class
com\citi\ocean\restapi\validator\Validator$4.class
com\citi\ocean\restapi\datasource\NetezzaEndpoint.class
com\citi\ocean\restapi\datasource\base\SolrShard.class
com\citi\ocean\restapi\datasource\base\NetezzaShard.class
com\citi\ocean\restapi\handler\FilterValuesHandler$3.class
com\citi\ocean\restapi\util\BufferUtil.class
com\citi\ocean\restapi\validator\Validator$1.class
com\citi\ocean\restapi\handler\QueryTradesHandler$1.class
com\citi\ocean\restapi\datasource\base\NetezzaQuery$3.class
com\citi\ocean\restapi\handler\FilterValuesHandler$1.class
com\citi\ocean\restapi\worker\NetezzaWorker.class
com\citi\ocean\restapi\datasource\base\TableSchemaRegistry.class
com\citi\ocean\restapi\datasource\base\Cluster.class
com\citi\ocean\restapi\datasource\base\SolrQuery.class
com\citi\ocean\restapi\validator\Validator$2.class
com\citi\ocean\restapi\tuple\FilterParam.class
com\citi\ocean\restapi\handler\QueryTradesHandler$5.class
com\citi\ocean\restapi\util\MonitorUtil.class
com\citi\ocean\restapi\datasource\base\SolrConfig.class
com\citi\ocean\restapi\datasource\base\Shard.class
com\citi\ocean\restapi\validator\Validator$3.class
com\citi\ocean\restapi\handler\QueryTradesHandler$6.class
com\citi\ocean\restapi\tuple\QueryTradesParam.class
com\citi\ocean\restapi\datasource\providers\KDBQueryExecutor.class
com\citi\ocean\restapi\datasource\base\TableSchema.class
com\citi\ocean\restapi\worker\MonitorWorker.class
com\citi\ocean\restapi\datasource\base\NetezzaQuery.class
com\citi\ocean\restapi\datasource\base\NetezzaQuery$2.class
com\citi\ocean\restapi\handler\QueryTradesHandler$CountObject.class
com\citi\ocean\restapi\datasource\base\KDBShard.class
com\citi\ocean\restapi\formatter\BaseFormatter.class
com\citi\ocean\restapi\handler\FilterValuesHandler$2.class
com\citi\ocean\restapi\handler\FilterValuesHandler.class
com\citi\ocean\restapi\util\MonitorUtil$1.class
com\citi\ocean\restapi\validator\Validator$NETEZZA_DATATYPE.class
com\citi\ocean\restapi\validator\Validator$8.class
com\citi\ocean\restapi\util\MonitorUtil$MonitorType.class
com\citi\ocean\restapi\formatter\JsonFormatter.class
com\citi\ocean\restapi\handler\QueryHintHandler$3.class
com\citi\ocean\restapi\datasource\KDBEndpoint.class
com\citi\ocean\restapi\tuple\FilterParam$DateFilterParam.class
com\citi\ocean\restapi\validator\Validator$5.class
com\citi\ocean\restapi\util\ExceptionUtil$Function_WithIllegalArgExceptions.class
com\citi\ocean\restapi\datasource\base\NetezzaQuery$1.class
com\citi\ocean\restapi\util\ConfigUtil.class
com\citi\ocean\restapi\datasource\providers\NetezzaQueryExecutor.class
com\citi\ocean\restapi\handler\QueryHintHandler$1.class
com\citi\ocean\restapi\tuple\FilterValuesParam.class
com\citi\ocean\restapi\datasource\providers\QueryExecutor.class
com\citi\ocean\restapi\handler\QueryTradesHandler$2.class
com\citi\ocean\restapi\datasource\base\ClustersRegistry.class
com\citi\ocean\restapi\worker\SolrWorker.class
com\citi\ocean\restapi\validator\Validator$6.class
com\citi\ocean\restapi\handler\QueryHintHandler$2.class
com\citi\ocean\restapi\worker\QueryRespTracker.class
com\citi\ocean\restapi\handler\QueryTradesHandler$3.class
com\citi\ocean\restapi\util\ExceptionUtil.class
