C:\Users\hw72786\workspace\OceanWebService\src\main\java\com\citi\ocean\restapi\datasource\base\KDBQuery.java
C:\Users\hw72786\workspace\OceanWebService\src\main\java\com\citi\ocean\restapi\tuple\AggQueryTradesParam.java
C:\Users\hw72786\workspace\OceanWebService\src\main\java\com\citi\ocean\restapi\tuple\FilterValuesParam.java
C:\Users\hw72786\workspace\OceanWebService\src\main\java\com\citi\ocean\restapi\worker\QueryRespTracker.java
C:\Users\hw72786\workspace\OceanWebService\src\main\java\com\citi\ocean\restapi\validator\Validator.java
C:\Users\hw72786\workspace\OceanWebService\src\main\java\com\citi\ocean\restapi\datasource\base\NetezzaShard.java
C:\Users\hw72786\workspace\OceanWebService\src\main\java\com\citi\ocean\restapi\handler\AggTradesHandler.java
C:\Users\hw72786\workspace\OceanWebService\src\main\java\com\citi\ocean\restapi\formatter\JsonFormatter.java
C:\Users\hw72786\workspace\OceanWebService\src\main\java\com\citi\ocean\restapi\datasource\base\ClustersRegistry.java
C:\Users\hw72786\workspace\OceanWebService\src\main\java\com\citi\ocean\restapi\datasource\SolrEndpoint.java
C:\Users\hw72786\workspace\OceanWebService\src\main\java\com\citi\ocean\restapi\util\ConfigUtil.java
C:\Users\hw72786\workspace\OceanWebService\src\main\java\com\citi\ocean\restapi\datasource\providers\KDBQueryExecutor.java
C:\Users\hw72786\workspace\OceanWebService\src\main\java\com\citi\ocean\restapi\worker\SolrWorker.java
C:\Users\hw72786\workspace\OceanWebService\src\main\java\com\citi\ocean\restapi\datasource\providers\NetezzaQueryExecutor.java
C:\Users\hw72786\workspace\OceanWebService\src\main\java\com\citi\ocean\restapi\datasource\NetezzaEndpoint.java
C:\Users\hw72786\workspace\OceanWebService\src\main\java\com\citi\ocean\restapi\formatter\BaseFormatter.java
C:\Users\hw72786\workspace\OceanWebService\src\main\java\com\citi\ocean\restapi\util\MonitorUtil.java
C:\Users\hw72786\workspace\OceanWebService\src\main\java\com\citi\ocean\restapi\service\VertxRunner.java
C:\Users\hw72786\workspace\OceanWebService\src\main\java\com\citi\ocean\restapi\worker\MonitorWorker.java
C:\Users\hw72786\workspace\OceanWebService\src\main\java\com\citi\ocean\restapi\datasource\base\ShardEndpoint.java
C:\Users\hw72786\workspace\OceanWebService\src\main\java\com\citi\ocean\restapi\util\EntitlementUtil.java
C:\Users\hw72786\workspace\OceanWebService\src\main\java\com\citi\ocean\restapi\datasource\base\SolrQuery.java
C:\Users\hw72786\workspace\OceanWebService\src\main\java\com\citi\ocean\restapi\datasource\base\Query.java
C:\Users\hw72786\workspace\OceanWebService\src\main\java\com\citi\ocean\restapi\datasource\base\NetezzaQuery.java
C:\Users\hw72786\workspace\OceanWebService\src\main\java\com\citi\ocean\restapi\handler\QueryTradesHandler.java
C:\Users\hw72786\workspace\OceanWebService\src\main\java\com\citi\ocean\restapi\datasource\base\KDBShard.java
C:\Users\hw72786\workspace\OceanWebService\src\main\java\com\citi\ocean\restapi\datasource\base\Shard.java
C:\Users\hw72786\workspace\OceanWebService\src\main\java\com\citi\ocean\restapi\handler\QueryHintHandler.java
C:\Users\hw72786\workspace\OceanWebService\src\main\java\com\citi\ocean\restapi\datasource\providers\QueryExecutor.java
C:\Users\hw72786\workspace\OceanWebService\src\main\java\com\citi\ocean\restapi\datasource\base\SolrConfig.java
C:\Users\hw72786\workspace\OceanWebService\src\main\java\com\citi\ocean\restapi\tuple\QueryTradesParam.java
C:\Users\hw72786\workspace\OceanWebService\src\main\java\com\citi\ocean\restapi\tuple\ShardEndpointDetails.java
C:\Users\hw72786\workspace\OceanWebService\src\main\java\com\citi\ocean\restapi\worker\NetezzaWorker.java
C:\Users\hw72786\workspace\OceanWebService\src\main\java\com\citi\ocean\restapi\datasource\base\SolrShard.java
C:\Users\hw72786\workspace\OceanWebService\src\main\java\com\citi\ocean\restapi\datasource\base\TableSchema.java
C:\Users\hw72786\workspace\OceanWebService\src\main\java\com\citi\ocean\restapi\datasource\KDBEndpoint.java
C:\Users\hw72786\workspace\OceanWebService\src\main\java\com\citi\ocean\restapi\util\BufferUtil.java
C:\Users\hw72786\workspace\OceanWebService\src\main\java\com\citi\ocean\restapi\datasource\base\TableSchemaRegistry.java
C:\Users\hw72786\workspace\OceanWebService\src\main\java\com\citi\ocean\restapi\util\ExceptionUtil.java
C:\Users\hw72786\workspace\OceanWebService\src\main\java\com\citi\ocean\restapi\datasource\base\Cluster.java
C:\Users\hw72786\workspace\OceanWebService\src\main\java\com\citi\ocean\restapi\handler\FilterValuesHandler.java
C:\Users\hw72786\workspace\OceanWebService\src\main\java\com\citi\ocean\restapi\tuple\FilterParam.java
