C:\Users\hw72786\workspace\OceanWebService\src\test\java\com\citi\ocean\restapi\handler\AggTradesHandlerTest.java
C:\Users\hw72786\workspace\OceanWebService\src\test\java\com\citi\ocean\restapi\handler\StaticTestMap.java
C:\Users\hw72786\workspace\OceanWebService\src\test\java\com\citi\ocean\restapi\handler\FilterValueHanderSendingDataTest.java
C:\Users\hw72786\workspace\OceanWebService\src\test\java\com\citi\ocean\restapi\handler\SolrWorkerTest.java
C:\Users\hw72786\workspace\OceanWebService\src\test\java\com\citi\ocean\restapi\handler\QueryTradesDataSendingTest.java
C:\Users\hw72786\workspace\OceanWebService\src\test\java\com\citi\ocean\restapi\handler\QueryHintHandlerTest.java
C:\Users\hw72786\workspace\OceanWebService\src\test\java\com\citi\ocean\restapi\handler\QueryTradesHandlerTestAdv.java
C:\Users\hw72786\workspace\OceanWebService\src\test\java\com\citi\ocean\restapi\handler\AggTradesHandlerSendingDataTest.java
C:\Users\hw72786\workspace\OceanWebService\src\test\java\com\citi\ocean\restapi\handler\QueryTradesHandlerTest.java
